[airyoga.ch/de.html]
[backblue.gif]
[fade.gif]
[index.html]
[www.airyoga.ch/ch-files/css/css_HYRqi369O4JB68kNEQRdOzn7lELfacMP8cGK1eKI2cU.css]
[www.airyoga.ch/ch-files/css/css_oKTsJfmUeJvPtPQO5FVyCLy6GlmKCLq6AE6UyhO23ko.css]
[www.airyoga.ch/ch-files/css/css_Eim-FvuOc9Uc_yKnpe14dJZ4MPU5TGF7M4DJh__F6fk.css]
[www.airyoga.ch/ch-files/css/css_-T8GIwnY6k5ulU5rLgjE_QdvyHBVjb1Hk1Sc5WFnTyg.css]
[www.airyoga.ch/ch-files/css/css_tSO3nsnp0nhsG6q7VJTEXFaJCUqDOff_RTn_XILXs2k.css]
[www.airyoga.ch/ch-files/js/js_XexEZhbTmj1BHeajKr2rPfyR8Y68f4rm0Nv3Vj5_dSI.js]
[www.airyoga.ch/ch-files/js/js_0Tl83xCAc8nhpDL9px5Xe_9_9PxvV7eBcjt11b0PHmY.js]
[www.airyoga.ch/ch-files/js/js_2CAVbxjkgjsMYCR5Edg33gVPnH7Ll3XkHW_cX0pFOcM.js]
[www.airyoga.ch/ch-files/js/js_edIhHI7TVQnXdQIEA-7Fq2nipzB88lECdCwBlO565gY.js]
[www.airyoga.ch/ch-files/js/js_kLNwetVu8sBwpYMStUGj2UNt-bXM3z6wsHyrAMcFtP8.js]
[www.airyoga.ch/ch-files/js/js_r05wLnOuLznf6BzSmnnvv0TFzx8-eENynczmOKPRKJo.js]
[airyoga.ch/en.html]
[www.airyoga.ch/sites/all/modules/languageicons/flags/en.png]
[www.airyoga.ch/sites/all/modules/languageicons/flags/de.png]
[airyoga.ch/de/online-reservation-für-airyoga-klassen.html]
[airyoga.ch/de/stundenplan.html]
[www.airyoga.ch/ch-files/airyoga_logo.png]
[airyoga.ch/de/uber-airyoga.html]
[airyoga.ch/de/neu-bei-airyoga.html]
[airyoga.ch/de/news.html]
[airyoga.ch/de/was-ist-yoga.html]
[airyoga.ch/de/bilder-studio-oberdorfstrasse.html]
[airyoga.ch/de/bilder-vom-studio-fabrikstrasse.html]
[airyoga.ch/de/preise.html]
[airyoga.ch/de/preise-für-mysore-klassen.html]
[airyoga.ch/de/abo-bestimmungen.html]
[airyoga.ch/de/reservations-bestimmungen.html]
[airyoga.ch/de/yoga-lehrer.html]
[airyoga.ch/de/workshops.html]
[airyoga.ch/de/retreats.html]
[airyoga.ch/de/yogalehrer-ausbildungen.html]
[airyoga.ch/de/ayurveda.html]
[airyoga.ch/de/energiearbeit-mit-andrea-staeger.html]
[airyoga.ch/de/yogashop.html]
[airyoga.ch/de/online-yogaklassen-videothek.html]
[airyoga.ch/de/video.html]
[www.airyoga.ch/ch-files/styles/hp_slideshow/public/field/image/slideshow/WelcomeBack_Abo_Slidee3cc.jpg]
[www.airyoga.ch/ch-files/styles/hp_slideshow/public/field/image/slideshow/MirjamHaymann_OnlineTraining_Dez2022_slidee6be.jpg]
[www.airyoga.ch/ch-files/styles/hp_slideshow/public/field/image/slideshow/AY_Online_Slide7e1d.jpg]
[www.airyoga.ch/ch-files/styles/hp_slideshow/public/field/image/slideshow/BeginnersWS_Slide8586.jpg]
[www.airyoga.ch/ch-files/styles/hp_slideshow/public/field/image/slideshow/yoga_retreatsc4db.jpg]
[airyoga.ch/de/blog/die-idee-fuer-weihnachten-airyoga-geschenk-gutscheine.html]
[www.airyoga.ch/ch-files/styles/hp_teaser_normal/public/images/geschenkgutscheine5a51.jpg]
[airyoga.ch/node/6677.html]
[www.airyoga.ch/ch-files/styles/hp_teaser_normal/public/field/image/blog_post/AIRYOGAOnline_PicStudio_Webseitee02b.jpg]
[airyoga.ch/de/blog/das-neue-airyoga-ab-januar-2023.html]
[www.airyoga.ch/ch-files/styles/hp_teaser_normal/public/images/NeuerStundenplan_abJanuar202389cc.jpg]
[airyoga.ch/node/2259.html]
[airyoga.ch/de/event/250-stunden-yoga-teacher-training-2023-bei-airyoga-zürich.html]
[www.airyoga.ch/ch-files/styles/hp_teaser_normal/public/images/StephenThomas_Alignment7f38.jpg]
[airyoga.ch/node/2183.html]
[airyoga.ch/de/event/die-heldenreise-–-ein-intensiv-training-mit-michael-hamilton-sabine-glück-und-gastlehrer.html]
[airyoga.ch/de/node/63371.html]
[www.airyoga.ch/ch-files/styles/hp_teaser_normal/public/images/MirjamHaymann_OnlineTraining_Dez2022afd4.jpg]
[airyoga.ch/node/4464.html]
[airyoga.ch/de/node/63520.html]
[www.airyoga.ch/ch-files/styles/hp_teaser_normal/public/field/image/blog_post/airyoga_online_rgb_quadrat3df3.jpg]
[airyoga.ch/de/node/7786.html]
[airyoga.ch/yogifilms-on-demand.html]
[airyoga.ch/de/event/mentoring-programm-für-yoga-lehrende-mit-mirjam-haymann.html]
[www.airyoga.ch/ch-files/styles/hp_teaser_normal/public/images/MirjamHaymann_MentoringProgramm_2023_square1397.jpg]
[airyoga.ch/de/node/60793.html]
[www.airyoga.ch/ch-files/styles/hp_teaser_normal/public/images/BeginnersWorkshop_NEU6825.jpg]
[airyoga.ch/de/event/absolute-beginners-yoga-workshop-1.html]
[airyoga.ch/node/2168.html]
[airyoga.ch/de/node/49958.html]
[airyoga.ch/de/event/beziehung-ein-metta-villa-retreat-mit-elisa-malinverni-manuela-peverelli.html]
[www.airyoga.ch/ch-files/styles/hp_teaser_normal/public/images/Yogatogo_MettaVilla_016483.jpg]
[airyoga.ch/de/node/62646.html]
[airyoga.ch/de/event/yoga-ferien-am-meer-auf-paros-mit-sasy-chasomeri.html]
[www.airyoga.ch/ch-files/styles/hp_teaser_normal/public/images/Yogatogo-Paros_Titelbild_OkreblueBeach_Yoga_06_square233a.jpg]
[airyoga.ch/de/node/54550.html]
[airyoga.ch/de/event/yin-yang-yoga-retreat-im-toggenburg-mit-stefania-maria-bernet.html]
[www.airyoga.ch/ch-files/styles/hp_teaser_normal/public/images/Yogatogo_Karunahaus_Buddha_NeuesTitelbild_square88c7.jpg]
[airyoga.ch/de/node/59746.html]
[airyoga.ch/de/event/yoga-der-wüste-marokkos-mit-michael-thurnherr.html]
[www.airyoga.ch/ch-files/styles/hp_teaser_normal/public/images/Yogatogo_Marokko_Sonnenuntergang_Rahel_TEASER_square3251.jpg]
[airyoga.ch/node/2170.html]
[airyoga.ch/de/node/54076.html]
[airyoga.ch/modules/file/icons/application-pdf.png]
[airyoga.ch/de/image_captcha9290.jpg]
[airyoga.ch/ch-files/airyoga_app_logo.png]
[airyoga.ch/ch-files/airyoga_app_logo_googleplay.png]
[airyoga.ch/ch-files/airyoga_app_logo_apple.png]
[airyoga.ch/sites/all/themes/airyoga/images/yoga-alliance-all.png]
[airyoga.ch/de/user.html]
[airyoga.ch/de/user/register.html]
[airyoga.ch/de/kontakt.html]
[airyoga.ch/de/die-allgemeinen-geschaftsbedingungen-agb-der-airyoga-schweiz-ag.html]
[airyoga.ch/de/impressum.html]
[airyoga.ch/de.html]
[airyoga.ch/de/print/2288.html]
[www.airyoga.ch/ch-files/apple-touch-icon.png]
[www.airyoga.ch/ch-files/css/css_kShW4RPmRstZ3SpIC-ZvVGNFVAi0WEMuCnI0ZkYIaFw.css]
[www.airyoga.ch/sites/all/modules/jquery_update/replace/ui/themes/base/minified/images/ui-bg_flat_75_ffffff_40x100.png]
[www.airyoga.ch/sites/all/modules/jquery_update/replace/ui/themes/base/minified/images/ui-bg_highlight-soft_75_cccccc_1x100.png]
[www.airyoga.ch/sites/all/modules/jquery_update/replace/ui/themes/base/minified/images/ui-bg_glass_75_e6e6e6_1x400.png]
[www.airyoga.ch/sites/all/modules/jquery_update/replace/ui/themes/base/minified/images/ui-bg_glass_75_dadada_1x400.png]
[www.airyoga.ch/sites/all/modules/jquery_update/replace/ui/themes/base/minified/images/ui-bg_glass_65_ffffff_1x400.png]
[www.airyoga.ch/sites/all/modules/jquery_update/replace/ui/themes/base/minified/images/ui-bg_glass_55_fbf9ee_1x400.png]
[www.airyoga.ch/sites/all/modules/jquery_update/replace/ui/themes/base/minified/images/ui-bg_glass_95_fef1ec_1x400.png]
[www.airyoga.ch/sites/all/modules/jquery_update/replace/ui/themes/base/minified/images/ui-icons_222222_256x240.png]
[www.airyoga.ch/sites/all/modules/jquery_update/replace/ui/themes/base/minified/images/ui-icons_888888_256x240.png]
[www.airyoga.ch/sites/all/modules/jquery_update/replace/ui/themes/base/minified/images/ui-icons_454545_256x240.png]
[www.airyoga.ch/sites/all/modules/jquery_update/replace/ui/themes/base/minified/images/ui-icons_2e83ff_256x240.png]
[www.airyoga.ch/sites/all/modules/jquery_update/replace/ui/themes/base/minified/images/ui-icons_cd0a0a_256x240.png]
[www.airyoga.ch/sites/all/modules/jquery_update/replace/ui/themes/base/minified/images/ui-bg_flat_0_aaaaaa_40x100.png]
[www.airyoga.ch/ch-files/css/css_HYRqi369O4JB68kNEQRdOzn7lELfacMP8cGK1eKI2cU.css]
[www.airyoga.ch/profiles/commerce_kickstart/modules/contrib/commerce_add_to_cart_confirmation/images/bg_add_to_cart_overlay.png]
[www.airyoga.ch/profiles/commerce_kickstart/modules/contrib/commerce_add_to_cart_confirmation/images/btn_add-to-cart-close.png]
[www.airyoga.ch/ch-files/css/css_oKTsJfmUeJvPtPQO5FVyCLy6GlmKCLq6AE6UyhO23ko.css]
[www.airyoga.ch/profiles/commerce_kickstart/modules/contrib/ctools/images/status-active.gif]
[www.airyoga.ch/sites/all/libraries/superfish/images/arrows-ffffff.png]
[www.airyoga.ch/sites/all/libraries/superfish/images/shadow.png]
[www.airyoga.ch/sites/all/libraries/superfish/images/arrows-ffffff-rtl.png]
[www.airyoga.ch/sites/all/themes/airyoga/js/libs/jquery-css-dropdown-plugin/arrows-000000.png]
[www.airyoga.ch/sites/all/themes/airyoga/js/libs/jquery-css-dropdown-plugin/responsive-nav.png]
[www.airyoga.ch/sites/all/themes/airyoga/js/libs/bxslider/images/bx_loader.gif]
[www.airyoga.ch/sites/all/themes/airyoga/js/libs/bxslider/images/controls.png]
[www.airyoga.ch/misc/ui/images/ui-bg_glass_75_e6e6e6_1x400.png]
[www.airyoga.ch/ch-files/css/css_Eim-FvuOc9Uc_yKnpe14dJZ4MPU5TGF7M4DJh__F6fk.css]
[www.airyoga.ch/profiles/commerce_kickstart/themes/omega/omega/images/button.png]
[www.airyoga.ch/profiles/commerce_kickstart/themes/omega/omega/images/select-arrow.gif]
[www.airyoga.ch/sites/all/themes/airyoga/images/frame_shadow.png]
[www.airyoga.ch/sites/all/themes/airyoga/images/select-arrow.gif]
[www.airyoga.ch/sites/all/themes/airyoga/images/picto_cart.png]
[www.airyoga.ch/sites/all/themes/airyoga/images/picto_magnifying_glass.png]
[www.airyoga.ch/sites/all/themes/airyoga/images/btn_close.png]
[www.airyoga.ch/sites/all/themes/airyoga/images/dots_and_lotus.png]
[www.airyoga.ch/sites/all/themes/airyoga/images/dots.png]
[www.airyoga.ch/sites/all/themes/airyoga/images/bg_block_homepage_title.png]
[www.airyoga.ch/sites/all/themes/airyoga/images/icon_facebook.png]
[www.airyoga.ch/sites/all/themes/airyoga/images/icon_twitter.png]
[www.airyoga.ch/sites/all/themes/airyoga/images/icon_pinterest.png]
[www.airyoga.ch/sites/all/themes/airyoga/images/picto_visa_premier.png]
[www.airyoga.ch/sites/all/themes/airyoga/images/picto_paypal.png]
[www.airyoga.ch/sites/all/themes/airyoga/images/picto_mastercard.png]
[www.airyoga.ch/sites/all/themes/airyoga/images/picto_american_express.png]
[www.airyoga.ch/sites/all/themes/airyoga/images/bg_product_attributes_top.png]
[www.airyoga.ch/sites/all/themes/airyoga/images/btn_read_more.png]
[www.airyoga.ch/sites/all/themes/airyoga/images/btn_read_less.png]
[www.airyoga.ch/sites/all/themes/airyoga/images/bg_checkout_progress.png]
[www.airyoga.ch/sites/all/themes/airyoga/images/bg_checkout_progress_last.png]
[www.airyoga.ch/sites/all/themes/airyoga/images/bg_checkout_progress_active.png]
[www.airyoga.ch/sites/all/themes/airyoga/images/icon_add.png]
[www.airyoga.ch/sites/all/themes/airyoga/images/btn_facebook.png]
[www.airyoga.ch/sites/all/themes/airyoga/images/btn_twitter.png]
[www.airyoga.ch/sites/all/themes/airyoga/images/btn_google.png]
[www.airyoga.ch/sites/all/themes/airyoga/images/ui-icons_4E1923_256x240.png]
[www.airyoga.ch/sites/all/themes/airyoga/images/ui-icons_9D0A0A_256x240.png]
[www.airyoga.ch/sites/all/themes/airyoga/images/ohm_brown.png]
[www.airyoga.ch/sites/all/themes/airyoga/images/facebook_white.png]
[www.airyoga.ch/sites/all/themes/airyoga/images/twitter_white.png]
[www.airyoga.ch/sites/all/themes/airyoga/images/print.png]
[www.airyoga.ch/sites/all/themes/airyoga/images/list_arrow-white.png]
[www.airyoga.ch/sites/all/themes/airyoga/images/video-play-button_1.png]
[www.airyoga.ch/sites/all/themes/airyoga/images/background_material_02.jpg]
[www.airyoga.ch/sites/all/themes/airyoga/images/bg_ad_push_headline.png]
[www.airyoga.ch/sites/all/themes/airyoga/images/bg_blog_headline.png]
[www.airyoga.ch/sites/all/themes/airyoga/images/bg.png]
[www.airyoga.ch/sites/all/themes/airyoga/images/btn_add-to-cart-close.png]
[www.airyoga.ch/sites/all/themes/airyoga/images/icon_read-more.png]
[www.airyoga.ch/sites/all/themes/airyoga/images/icon_chat.png]
[www.airyoga.ch/sites/all/themes/airyoga/images/message-16-ok.png]
[www.airyoga.ch/sites/all/themes/airyoga/images/message-16-warning.png]
[www.airyoga.ch/sites/all/themes/airyoga/images/message-16-error.png]
[www.airyoga.ch/ch-files/css/css_-T8GIwnY6k5ulU5rLgjE_QdvyHBVjb1Hk1Sc5WFnTyg.css]
[www.airyoga.ch/ch-files/css/css_tSO3nsnp0nhsG6q7VJTEXFaJCUqDOff_RTn_XILXs2k.css]
[www.airyoga.ch/ch-files/js/js_ULmcojWJvKPlrFL6yTfqfPeEqrGr6qBobDxEBoVqSio.js]
[www.airyoga.ch/ch-files/css/css_UWm4u2E6NcMff3fabT6yF2w-G-uAzi7pYYV1cjQI-Ds.css]
[www.airyoga.ch/ch-files/js/js_VR1E2d8T48RvyeqXI3xVnFjSlpCukiNDTFK-kD8HD8Q.js]
[airyoga.ch/en/online-reservation-airyoga-classes.html]
[airyoga.ch/en/news.html]
[airyoga.ch/en/what-yoga.html]
[airyoga.ch/en/yoga-styles.html]
[airyoga.ch/en/nice-know-about-yoga.html]
[airyoga.ch/en/pictures-studio-oberdorfstrasse.html]
[airyoga.ch/en/pictures-studio-fabrikstrasse.html]
[airyoga.ch/en/prices.html]
[airyoga.ch/en/prices-mysore-classes.html]
[airyoga.ch/en/passholder-rules.html]
[airyoga.ch/en/reservations-rules.html]
[airyoga.ch/en/yoga-teachers.html]
[airyoga.ch/en/workshops.html]
[airyoga.ch/en/retreats.html]
[airyoga.ch/en/teacher-trainings.html]
[airyoga.ch/en/ayurveda.html]
[airyoga.ch/en/yogashop.html]
[airyoga.ch/en/online-yogaclasses-video-library.html]
[airyoga.ch/en/video.html]
[airyoga.ch/en/blog/our-christmas-gift-ideas.html]
[airyoga.ch/de/node/6676.html]
[airyoga.ch/en/blog/online-yoga-classes-december-2022.html]
[airyoga.ch/en/blog/airyoga-reloaded-january-2023.html]
[airyoga.ch/en/node/2259.html]
[airyoga.ch/en/node/63376.html]
[airyoga.ch/en/event/250-hour-yoga-teacher-training-2023-airyoga-zurich.html]
[airyoga.ch/en/node/2183.html]
[airyoga.ch/en/event/hero’s-journey-–-intensive-training-support-individual-growth-michael-hamilton-sabine-glück.html]
[airyoga.ch/en/node/4464.html]
[airyoga.ch/en/node/63520.html]
[airyoga.ch/en/node/7785.html]
[airyoga.ch/en/event/mentorship-yoga-teachers-mirjam-haymann.html]
[airyoga.ch/en/node/60793.html]
[airyoga.ch/en/event/absolute-beginners-yoga-workshop-1.html]
[airyoga.ch/en/node/2168.html]
[airyoga.ch/en/node/49958.html]
[airyoga.ch/en/event/relationship-metta-villa-retreat-elisa-malinverni-manuela-peverelli.html]
[airyoga.ch/en/node/62646.html]
[airyoga.ch/en/event/yoga-vacation-sea-paros-sasy-chasomeri.html]
[airyoga.ch/en/node/54550.html]
[airyoga.ch/en/event/yin-yang-yoga-retreat-toggenburg-stefania-maria-bernet.html]
[airyoga.ch/en/node/59746.html]
[airyoga.ch/en/event/yoga-desert-morocco-michael-thurnherr.html]
[airyoga.ch/en/node/2170.html]
[airyoga.ch/en/node/54076.html]
[airyoga.ch/en/image_captcha3db2.jpg]
[airyoga.ch/en/user.html]
[airyoga.ch/en/user/register.html]
[airyoga.ch/en/contact.html]
[airyoga.ch/en/general-terms-and-conditions-gtc-airyoga-schweiz-ag.html]
[airyoga.ch/en.html]
[airyoga.ch/en/print/2288.html]
[airyoga.ch/en/privacy-policy.html]
[airyoga.ch/de/node/4767.html]
[www.airyoga.ch/ch-files/css/css_V0MuFdNswhug-OQP_eR8hpRrRnaRlTLMctOCVNPkQr4.css]
[www.airyoga.ch/ch-files/js/js_R3BqOw5Utw3NLYsndfKuw-Mvyj8B6iWw8eEQ9wmv9wQ.js]
[www.airyoga.ch/ch-files/js/js_sorWSTDfwI_nlaP9HIuIAtOwSLWz0pZH5UgytLDOEpY.js]
[www.airyoga.ch/ch-files/styles/width_250/public/apple_keyboard2478.jpg]
[airyoga.ch/class-schedules.html]
[airyoga.ch/de/print/4767.html]
[airyoga.ch/de/image_captchab9fc.jpg]
[airyoga.ch/de/online-reservation-für-airyoga-klassen.html]
[www.airyoga.ch/ch-files/css/css_dunQ0uySUyQaf-Cshun2ABVxwWI4pBJFesoyq4D5B1o.css]
[www.airyoga.ch/ch-files/css/css_SJJJmUx5zeznEfAgvPiOP8v4ODQKmQiJtRsOTgbaIr0.css]
[www.airyoga.ch/ch-files/js/js_pEXQWpiaxCkMioXnB1ipM1KpUT0zHzqQ1vtwpUae5Sk.js]
[www.airyoga.ch/ch-files/js/js_HbE2XwzjmAgINxgddfJIkmp_TqZJiMR223hyz8f84-0.js]
[www.airyoga.ch/ch-files/js/js_MXqSYVRKrpJYOzdX3KVANR2Q6vG4BC66BbctBFKz6jo.js]
[airyoga.ch/de/stundenplan.html]
[airyoga.ch/de/print/class-schedules.html]
[airyoga.ch/de/node/2285.html]
[www.airyoga.ch/ch-files/styles/width_250/public/shivabannerbddf.jpg]
[airyoga.ch/de/node/2279.html]
[airyoga.ch/de/node/2270.html]
[airyoga.ch/de/node/2274.html]
[airyoga.ch/de/print/2285.html]
[airyoga.ch/de/image_captcha8c50.jpg]
[airyoga.ch/de/uber-airyoga.html]
[airyoga.ch/de/node/2638.html]
[www.airyoga.ch/ch-files/styles/full_width/public/bell_and_mala_banner_2047a.jpg]
[airyoga.ch/de/print/2638.html]
[airyoga.ch/node/2279.html]
[airyoga.ch/de/image_captcha475c.jpg]
[airyoga.ch/de/neu-bei-airyoga.html]
[www.airyoga.ch/ch-files/js/js_Y43Eh4emFHgKyzMGWJfOv86lHIy5cPU7lMVIbUaBGsc.js]
[www.airyoga.ch/ch-files/js/js_LytAa36A2HSlvLS72NVij9bmvFfbdk1z5iwbc1Vt8ZI.js]
[www.airyoga.ch/ch-files/styles/hp_teaser_normal/public/images/Welcome_back4e69.jpg]
[airyoga.ch/de/blog/airyoga-welcome-abo.html]
[airyoga.ch/node/63377.html]
[airyoga.ch/de/node/63381.html]
[www.airyoga.ch/ch-files/styles/hp_teaser_normal/public/images/StudioSchliessung_Nov2022_squarecf90.jpg]
[airyoga.ch/de/blog/neuausrichtung-von-airyoga.html]
[airyoga.ch/de/blog/yoga-online-shop.html]
[www.airyoga.ch/ch-files/styles/hp_teaser_normal/public/images/Online Shop Still open-2 Kopie1346.jpg]
[airyoga.ch/products.html]
[www.airyoga.ch/ch-files/styles/hp_teaser_normal/public/images/yogaforrefugees_AY3c5b.png]
[airyoga.ch/de/blog/gratis-plätze-für-flüchtlinge-airyoga-klassen.html]
[airyoga.ch/de/node/61057.html]
[airyoga.ch/de/image_captchaf8f4.jpg]
[airyoga.ch/de/news.html]
[airyoga.ch/de/node/2277.html]
[airyoga.ch/de/image_captcha5f0f.jpg]
[airyoga.ch/de/was-ist-yoga.html]
[airyoga.ch/de/wissenwertes-uber-yoga]
[airyoga.ch/de/yoga-formen]
[www.airyoga.ch/ch-files/styles/slideshow_pages/public/113mx_yogaraumba7a.jpg]
[airyoga.ch/de/file/285.html]
[www.airyoga.ch/ch-files/styles/slideshow_pages/public/113mx_c782d.jpg]
[airyoga.ch/de/file/1165.html]
[www.airyoga.ch/ch-files/styles/slideshow_pages/public/yogaraum_oberdorfstrasse_010148.jpg]
[www.airyoga.ch/ch-files/styles/slideshow_pages/public/lounge_oberdorfstrasse7a33.jpg]
[airyoga.ch/de/file/1163.html]
[airyoga.ch/de/file/200.html]
[www.airyoga.ch/ch-files/styles/slideshow_pages/public/113mx_ea397.jpg]
[airyoga.ch/de/file/196.html]
[www.airyoga.ch/ch-files/styles/slideshow_pages/public/field/image/slideshow/113mx_b5e1e.jpg]
[airyoga.ch/de/file/1161.html]
[www.airyoga.ch/ch-files/styles/slideshow_pages/public/shop_oberdorfstrasse_02114c.jpg]
[airyoga.ch/de/file/1162.html]
[www.airyoga.ch/ch-files/styles/slideshow_pages/public/empfang_oberdorfstrasse6995.jpg]
[airyoga.ch/de/file/286.html]
[www.airyoga.ch/ch-files/styles/slideshow_pages/public/113mx_gcf24.jpg]
[airyoga.ch/de/print/2266.html]
[airyoga.ch/de/bilder-studio-oberdorfstrasse.html]
[airyoga.ch/de/node/2268.html]
[airyoga.ch/de/file/291.html]
[airyoga.ch/de/file/290.html]
[www.airyoga.ch/ch-files/styles/slideshow_pages/public/yoga_impressiond61c.jpg]
[airyoga.ch/de/file/288.html]
[airyoga.ch/de/file/292.html]
[airyoga.ch/de/file/287.html]
[airyoga.ch/de/file/1018.html]
[airyoga.ch/de/file/289.html]
[www.airyoga.ch/ch-files/styles/slideshow_pages/public/studio_fabrikstrasse_loungegangada0.jpg]
[airyoga.ch/de/print/2268.html]
[airyoga.ch/de/image_captcha5fad.jpg]
[airyoga.ch/de/bilder-vom-studio-fabrikstrasse.html]
[airyoga.ch/de/print/2270.html]
[airyoga.ch/de/image_captcha674a.jpg]
[airyoga.ch/de/preise.html]
[airyoga.ch/de/print/2272.html]
[airyoga.ch/de/node/2272.html]
[airyoga.ch/de/image_captcha2918.jpg]
[airyoga.ch/de/preise-für-mysore-klassen.html]
[airyoga.ch/de/print/2274.html]
[airyoga.ch/de/image_captchad601.jpg]
[airyoga.ch/de/abo-bestimmungen.html]
[airyoga.ch/de/print/2275.html]
[airyoga.ch/de/node/2275.html]
[airyoga.ch/de/image_captchafb1e.jpg]
[airyoga.ch/de/reservations-bestimmungen.html]
[www.airyoga.ch/ch-files/js/js_MI_QFRUhL36fEq-qdBIXLFF9fDC_M9KAwY3v41WUwDk.js]
[airyoga.ch/de/teachers/adelina-sys.html]
[www.airyoga.ch/ch-files/styles/teachers_list/public/images/Adelina_Sys_Portrait_sw72a3.jpg]
[www.airyoga.ch/ch-files/styles/teachers_list/public/adrian_wirth_portrait3934.jpg]
[airyoga.ch/de/teachers/adrian-wirth.html]
[www.airyoga.ch/ch-files/styles/teachers_list/public/images/AlenaMatzke_Portrait_sw_square3f05.jpg]
[airyoga.ch/de/teachers/alena-matzke.html]
[airyoga.ch/de/teachers/andy-bartneck.html]
[www.airyoga.ch/ch-files/styles/teachers_list/public/images/AndyBartneck_Portrait_sw877b.jpg]
[airyoga.ch/de/teachers/anton-persson.html]
[www.airyoga.ch/ch-files/styles/teachers_list/public/images/Anton_Persson_Portrait_swc713.jpg]
[airyoga.ch/de/teachers/brett-porzio.html]
[www.airyoga.ch/ch-files/styles/teachers_list/public/field/image/blog_post/Brettfc80.jpg]
[www.airyoga.ch/ch-files/styles/teachers_list/public/images/carla_araos_portrait_sw0d06.jpg]
[airyoga.ch/de/teachers/carla-araos.html]
[airyoga.ch/de/teachers/céline-engeler.html]
[www.airyoga.ch/ch-files/styles/teachers_list/public/images/CelineEngeler_Portrait_sw08eb.jpg]
[airyoga.ch/de/teachers/chiara-castellan.html]
[www.airyoga.ch/ch-files/styles/teachers_list/public/images/chiara_castellan_portrait_neuc2d3.jpg]
[airyoga.ch/de/teachers/claire-dalloz.html]
[www.airyoga.ch/ch-files/styles/teachers_list/public/images/claire_dalloz_portrait52c7.jpg]
[www.airyoga.ch/ch-files/styles/teachers_list/public/images/claudia_garati_portraitefa6.jpg]
[airyoga.ch/de/teachers/claudia-garati.html]
[airyoga.ch/de/teachers/claudia-geux.html]
[www.airyoga.ch/ch-files/styles/teachers_list/public/images/claudie_geux_portraitc688.jpg]
[airyoga.ch/de/teachers/daniela-schöb.html]
[www.airyoga.ch/ch-files/styles/teachers_list/public/images/DanielaSchoeb_Portrait_sw2e0f.jpg]
[airyoga.ch/de/teachers/diana-alvarez-marin.html]
[www.airyoga.ch/ch-files/styles/teachers_list/public/images/Diana_Portraite2f1.jpg]
[airyoga.ch/de/teachers/diana-schöpplein.html]
[www.airyoga.ch/ch-files/styles/teachers_list/public/images/DianaSchoepplein_Portrait2019_square0e73.jpg]
[airyoga.ch/de/teachers/eliane-winiger.html]
[www.airyoga.ch/ch-files/styles/teachers_list/public/images/Eliane_Winiger_Portrait_square_sw8b7f.jpg]
[airyoga.ch/de/teachers/ettie-elmakies.html]
[www.airyoga.ch/ch-files/styles/teachers_list/public/images/EttieElmakies_PortraitFoto_cut7cf0.jpg]
[airyoga.ch/de/teachers/fabian-bächli.html]
[www.airyoga.ch/ch-files/styles/teachers_list/public/images/fabian_baechli_portrait5f5e.jpg]
[airyoga.ch/de/teachers/frank-schmid.html]
[www.airyoga.ch/ch-files/styles/teachers_list/public/images/frank_schmid_portrait_16c38.jpg]
[www.airyoga.ch/ch-files/styles/teachers_list/public/images/gisela_collazo_portraitc07e.jpg]
[airyoga.ch/de/teachers/gisela-collazo.html]
[airyoga.ch/de/teachers/jasmin-khalifa.html]
[www.airyoga.ch/ch-files/styles/teachers_list/public/images/jasmin_moser_portrait2fe5.jpg]
[airyoga.ch/de/teachers/josefina-eliggi.html]
[www.airyoga.ch/ch-files/styles/teachers_list/public/images/JosefinaEliggi_Portrait_square_sw4744.jpg]
[airyoga.ch/de/teachers/karin-rüger.html]
[www.airyoga.ch/ch-files/styles/teachers_list/public/images/Portrait_KarinRueger_Juni2020_72dpi_square_sw7582.jpg]
[www.airyoga.ch/ch-files/styles/teachers_list/public/images/karlstraub_portrait_bw3b26.jpg]
[airyoga.ch/de/teachers/karl-straub.html]
[airyoga.ch/de/teachers/kimi-fiebig.html]
[www.airyoga.ch/ch-files/styles/teachers_list/public/images/kimi_fiebig_portraitebeb.jpg]
[airyoga.ch/de/teachers/manuela-peverelli.html]
[www.airyoga.ch/ch-files/styles/teachers_list/public/images/ManuelaPeverelli_PortraitSmiling_2019_cut_square3fc9.jpg]
[airyoga.ch/de/teachers/maria-pountou.html]
[www.airyoga.ch/ch-files/styles/teachers_list/public/images/Maria Pountou Portrait NEU square swbf00.jpg]
[airyoga.ch/de/teachers/melanie-stalder.html]
[www.airyoga.ch/ch-files/styles/teachers_list/public/images/MelanieStalder_square_swc62e.jpg]
[airyoga.ch/de/teachers/michael-hamilton.html]
[www.airyoga.ch/ch-files/styles/teachers_list/public/images/michael_hamilton_portraita21f.jpg]
[airyoga.ch/de/teachers/michael-thurnherr.html]
[www.airyoga.ch/ch-files/styles/teachers_list/public/images/michael_thurnherr_portraite1a2.jpg]
[www.airyoga.ch/ch-files/styles/teachers_list/public/images/mike_hannum_portrait_bw4389.jpg]
[airyoga.ch/de/teachers/mike-hannum.html]
[airyoga.ch/de/teachers/mira-popper.html]
[www.airyoga.ch/ch-files/styles/teachers_list/public/images/mirapopper_portrait_bwe9a3.jpg]
[www.airyoga.ch/ch-files/styles/teachers_list/public/images/mirjam_haymann_portraitdcee.jpg]
[airyoga.ch/de/teachers/mirjam-haymann.html]
[airyoga.ch/de/teachers/monika-scherer.html]
[www.airyoga.ch/ch-files/styles/teachers_list/public/images/MonikaScherrer_Portrait_squareb0fe.jpg]
[www.airyoga.ch/ch-files/styles/teachers_list/public/images/nataliaknuchel_portrait_sw_0ce46.jpg]
[airyoga.ch/de/teachers/natalia-knuchel.html]
[airyoga.ch/de/teachers/natalija-fallocca-bajric.html]
[www.airyoga.ch/ch-files/styles/teachers_list/public/images/NatalijaFalloca_Portrait_20204e42.jpg]
[www.airyoga.ch/ch-files/styles/teachers_list/public/images/nina_buonvicini_calame_portrait5559.jpg]
[airyoga.ch/de/teachers/nina-calame.html]
[airyoga.ch/de/teachers/nina-isabel.html]
[www.airyoga.ch/ch-files/styles/teachers_list/public/images/nina_isabel_luginbuehl_portrait_square952d.jpg]
[www.airyoga.ch/ch-files/styles/teachers_list/public/images/Olesia_Incarbone_09834.jpg]
[airyoga.ch/de/teachers/olesia-incarbone-0.html]
[airyoga.ch/de/teachers/roberto-de-cicco.html]
[www.airyoga.ch/ch-files/styles/teachers_list/public/images/RobiDeCicco_Portrait_square7c65.jpg]
[airyoga.ch/de/teachers/sabina-kojasevic.html]
[www.airyoga.ch/ch-files/styles/teachers_list/public/images/Sabina.Kojasevic_Neu_Portrait12be.jpg]
[www.airyoga.ch/ch-files/styles/teachers_list/public/images/SabrinaCerea_Portraitfcdf.jpg]
[airyoga.ch/de/teachers/sabrina-cerea.html]
[airyoga.ch/de/teachers/sabrina-kriesi.html]
[www.airyoga.ch/ch-files/styles/teachers_list/public/images/Sabrina Kriesi_Airyoga_Portrtait_sw_square4e42.jpg]
[www.airyoga.ch/ch-files/styles/teachers_list/public/images/salomethalmann_headshot_sw22a0.jpg]
[airyoga.ch/de/teachers/salomé-thalmann.html]
[airyoga.ch/de/teachers/sandra-ackermann.html]
[www.airyoga.ch/ch-files/styles/teachers_list/public/images/sandra_ackermann_portrait8769.jpg]
[www.airyoga.ch/ch-files/styles/teachers_list/public/images/sarahmai_headshot_sw4744.jpg]
[airyoga.ch/de/teachers/sarah-mai-0.html]
[airyoga.ch/de/teachers/silvana-kunz-0.html]
[www.airyoga.ch/ch-files/styles/teachers_list/public/images/silvana_kunz_portrait_0c01a.jpg]
[airyoga.ch/de/teachers/simona-gabrieli.html]
[www.airyoga.ch/ch-files/styles/teachers_list/public/images/simona_gabrielli_headshot_cut73cb.jpg]
[airyoga.ch/de/teachers/stefania-maria-bernet.html]
[www.airyoga.ch/ch-files/styles/teachers_list/public/images/StefaniaMariaBernet_Portrait_square38a1.jpg]
[airyoga.ch/de/teachers/stefanie-castson.html]
[www.airyoga.ch/ch-files/styles/teachers_list/public/images/StefanieZimmermannCaston_Portrait_square_swdb7c.jpg]
[airyoga.ch/de/teachers/stephen-thomas.html]
[www.airyoga.ch/ch-files/styles/teachers_list/public/images/stephen_thomas_portrait_08a78.jpg]
[airyoga.ch/de/teachers/susanna-lorenzini.html]
[www.airyoga.ch/ch-files/styles/teachers_list/public/images/susanna_lorenzini_portrait681f.jpg]
[airyoga.ch/de/teachers/tanja-forcellini.html]
[www.airyoga.ch/ch-files/styles/teachers_list/public/images/Tanja Forcellini Portrait square705f.jpg]
[airyoga.ch/de/teachers/tiago-moreno.html]
[www.airyoga.ch/ch-files/styles/teachers_list/public/images/Portrait_TiagoMoreno0679.jpg]
[airyoga.ch/de/teachers/valérie-lutz.html]
[www.airyoga.ch/ch-files/styles/teachers_list/public/images/valerie_lutz_portraitc34d.jpg]
[airyoga.ch/de/teachers/vera-achana.html]
[www.airyoga.ch/ch-files/styles/teachers_list/public/images/vera_achana_portrait9375.jpg]
[airyoga.ch/de/teachers/zsigmond-toth.html]
[www.airyoga.ch/ch-files/styles/teachers_list/public/images/ZsigmondToth_Portrait_sw410d.jpg]
[airyoga.ch/de/image_captcha9ae7.jpg]
[airyoga.ch/de/yoga-lehrer.html]
[www.airyoga.ch/ch-files/js/js_yVefQLXr03kYE_NcNbM_j8YZBL7JBS4fx5w1v8eOBbA.js]
[www.airyoga.ch/ch-files/styles/event_product_list/public/images/MirjamHaymann_MentoringProgramm_2023_square143e.jpg]
[airyoga.ch/de/event/die-heldenreise-–-ein-intensiv-training-mit-michael-hamilton-sabine-glück-und-gastlehrer-0.html]
[www.airyoga.ch/ch-files/styles/event_product_list/public/images/AdvancedTT_MichaelHamilton_2023ee8c.jpg]
[airyoga.ch/de/node/63378.html]
[airyoga.ch/de/event/die-schätze-deines-herzens-zwei-workshops-mit-peter-harper.html]
[www.airyoga.ch/ch-files/styles/event_product_list/public/images/PeterHarper_WS_Juni20227d0a.jpg]
[airyoga.ch/de/node/60357.html]
[airyoga.ch/de/event/workshops-intensiv-trainings-events-2017-airyoga-zuerich.html]
[airyoga.ch/de/node/4513.html]
[airyoga.ch/de/image_captchaca84.jpg]
[airyoga.ch/de/workshops.html]
[www.airyoga.ch/ch-files/styles/full_width/public/retreats_header6e0f.jpg]
[www.airyoga.ch/ch-files/styles/event_product_list/public/images/Yogatogo_MettaVilla_016a31.jpg]
[www.airyoga.ch/ch-files/styles/event_product_list/public/images/Yogatogo-Paros_Titelbild_OkreblueBeach_Yoga_06_square02ec.jpg]
[www.airyoga.ch/ch-files/styles/event_product_list/public/images/Yogatogo_Karunahaus_Buddha_NeuesTitelbild_squaree975.jpg]
[www.airyoga.ch/ch-files/styles/event_product_list/public/images/Yogatogo_Marokko_Sonnenuntergang_Rahel_TEASER_square6e9c.jpg]
[airyoga.ch/de/image_captchaf3a6.jpg]
[airyoga.ch/de/retreats.html]
[www.airyoga.ch/ch-files/styles/full_width/public/tt_prayerflags8bf8.jpg]
[www.airyoga.ch/ch-files/styles/event_product_list/public/images/StephenThomas_Alignmente9aa.jpg]
[www.airyoga.ch/ch-files/styles/event_product_list/public/images/ATT300_Titelbildc247.jpg]
[airyoga.ch/de/event/300-stunden-advanced-teacher-training-2022-ausgebucht-warteliste.html]
[airyoga.ch/de/node/56907.html]
[airyoga.ch/de/event/250-stunden-yoga-teacher-training-2022-bei-airyoga-zürich.html]
[airyoga.ch/de/node/58471.html]
[airyoga.ch/de/image_captcha5379.jpg]
[airyoga.ch/de/yogalehrer-ausbildungen.html]
[airyoga.ch/de/node/2281.html]
[www.airyoga.ch/ch-files/styles/width_200/public/harishayurveda_0708a.jpg]
[airyoga.ch/de/print/2281.html]
[airyoga.ch/de/image_captchaba20.jpg]
[airyoga.ch/de/ayurveda.html]
[airyoga.ch/de/node/3520.html]
[airyoga.ch/en/energiearbeit.html]
[www.airyoga.ch/ch-files/styles/width_200/public/andreastaeger_portrait_bwa819.jpg]
[www.airyoga.ch/ch-files/styles/vod_teaser/public/Foto_TanjaForcellini_Portrait60a1.jpg]
[airyoga.ch/de/print/3520.html]
[airyoga.ch/de/image_captcha2c5a.jpg]
[airyoga.ch/de/energiearbeit-mit-andrea-staeger.html]
[www.airyoga.ch/ch-files/js/js_MjfQvrb8ECxl4d7Zyt3rCzUofpvUdjVvZTXyLlnNu8w.js]
[www.airyoga.ch/ch-files/js/js_5jJ5RmoM1g0LarOawKbRZn2XSgeS_r6nE1488JNxs38.js]
[www.airyoga.ch/ch-files/js/js_2ASYgZaD_oZSMXjE36u111Y5wZ3rbhEP5LUlkwN-as0.js]
[airyoga.ch/de/yogaproduct/geschenkgutschein-betrag-waehlbar.html]
[www.airyoga.ch/ch-files/styles/product_medium/public/gutscheine_0af70.png]
[airyoga.ch/de/yogaproduct/upcycling-yogablöcke.html]
[www.airyoga.ch/ch-files/styles/product_medium/public/Blöckedddb.jpg]
[www.airyoga.ch/ch-files/styles/product_medium/public/Kinderyoga (002)ae94.png]
[airyoga.ch/de/yogaproduct/kinder-yoga-buch-alphabet-karten.html]
[airyoga.ch/de/yogaproduct/keramik-aus-zürich-out-blue.html]
